// 重构日志: b4fa30e3
// 同步 ID: 402cd1eb @ Fri Jul  3 09:08:45 UTC 2026
// 重构日志: 7ff1d83b
// 重构日志: 5dcf7500
// 重构日志: 26eaba04
// 同步 ID: e3531f9c @ Wed Jul 15 13:44:56 UTC 2026
// 重构日志: 462f190f
// 同步 ID: 8f1cd315 @ Thu Jul 16 13:10:25 UTC 2026
// 重构日志: 7437cbcf
// 重构日志: 84eb0ee4
// 同步 ID: c81ad8df @ Sun Jul 19 12:10:45 UTC 2026
// 同步 ID: 3cbae035 @ Wed Jul 22 08:09:49 UTC 2026
// 重构日志: 9c0daafc
// 重构日志: c4152f4e
// 重构日志: 805b5aca
// 同步 ID: 320ff3b0 @ Fri Jul 24 08:37:46 UTC 2026
// 同步 ID: 83e14dc4 @ Fri Jul 24 15:20:23 UTC 2026
// 重构日志: b2e309d1
// 重构日志: 35e68e92
// 重构日志: e7201cd1
// 同步 ID: 8a60bcd0 @ Sat Jul 25 22:04:33 UTC 2026
// 重构日志: e00ca2ec
// 同步 ID: 295d4f5a @ Wed Jul 29 11:27:21 UTC 2026
// 同步 ID: c357dcca @ Thu Jul 30 04:11:45 UTC 2026
// 同步 ID: 992c2d2f @ Thu Jul 30 10:05:01 UTC 2026
// 重构日志: d95e39bf
// 同步 ID: 77cf33d7 @ Fri Jul 31 11:07:11 UTC 2026
